// Jest Snapshot v1, https://goo.gl/fbAQLP

exports[`Challenge card Should match snapshot 1`] = `
<div>
  <Splash
    startGame={[Function]}
  />
</div>
`;
