// Jest Snapshot v1, https://goo.gl/fbAQLP

exports[`Challenge card Should render a new challenge 1`] = `
<article
  className="challenge-card"
>
  <div>
    <p>
      Our Git spaceship needs to switch to a different branch to steer the ship!
    </p>
  </div>
  <div>
    <p>
      Switch to the branch called "steer-ship" to avoid the obstacle
    </p>
  </div>
</article>
`;
