// Jest Snapshot v1, https://goo.gl/fbAQLP

exports[`Header Should match snapshot 1`] = `
<header>
  <h1>
    GIT COMMANDER
  </h1>
</header>
`;
