// Jest Snapshot v1, https://goo.gl/fbAQLP

exports[`Progress Indicator Should match rendered snapshot 1`] = `
<section
  className="splash-page"
>
  <h2>
    GIT COMMANDER
  </h2>
  <form
    onSubmit={[Function]}
  >
    <div
      className="form-item-container"
    >
      <label
        htmlFor="userName"
      >
        Your Commander Name:
      </label>
      <input
        autoFocus={true}
        id="userName"
        onChange={[Function]}
        placeholder="Name Required"
        type="text"
      />
      <input
        className="start-game-btn"
        onClick={[Function]}
        type="button"
        value="Start Game"
      />
    </div>
  </form>
  <img
    alt="octocat"
    className="octocat-ship "
    src="jetpacktocat.png"
  />
  <div
    className="instructions-cont"
  >
    <h3>
      Instructions:
    </h3>
    <h4>
      Help octocat make it to remote repo!
    </h4>
    <ol>
      <li>
        Read the prompts for Instructions
      </li>
      <li>
        Type in your command and press enter when ready!
        <p>
          <b>
            Be Careful! You only have one chance per challenge!
          </b>
        </p>
      </li>
      <li>
        Once you reach the 'Remote' Repo, you win! You also have the option to keep going solve harder commands!
      </li>
    </ol>
  </div>
</section>
`;
